(KEYWORD class)
(PUNCT ";")
(NEWLINE)
(KEYWORD def)
(KEYWORD pass)
(KEYWORD True)
(KEYWORD False)
(NEWLINE)
(ENDMARKER)
