(LIT #"\\N{MIDDLE DOT}")
(NEWLINE)
(LIT #"\\U00000040")
(NEWLINE)
(LIT #"\\u0040")
(NEWLINE)
(ENDMARKER)
