(KEYWORD def)
(ID "f")
(PUNCT "(")
(ID "x")
(PUNCT ")")
(PUNCT ":")
(NEWLINE)
(INDENT)
(KEYWORD if)
(ID "x")
(PUNCT ":")
(NEWLINE)
(INDENT)
(ID "print")
(PUNCT "(")
(ID "x")
(PUNCT ")")
(NEWLINE)
(DEDENT)
(ID "print")
(PUNCT "(")
(ID "x")
(PUNCT "+")
(LIT 2)
(PUNCT ")")
(NEWLINE)
(DEDENT)
(ENDMARKER)
