(ID "month_names")
(PUNCT "=")
(PUNCT "[")
(LIT "J")
(PUNCT ",")
(LIT "F")
(PUNCT ",")
(LIT "M")
(PUNCT ",")
(LIT "A")
(PUNCT ",")
(LIT "M")
(PUNCT ",")
(LIT "J")
(PUNCT ",")
(LIT "J")
(PUNCT ",")
(LIT "A")
(PUNCT ",")
(LIT "S")
(PUNCT ",")
(LIT "O")
(PUNCT ",")
(LIT "N")
(PUNCT ",")
(LIT "D")
(PUNCT "]")
(NEWLINE)
(ENDMARKER)
