(KEYWORD if)
(KEYWORD True)
(PUNCT ":")
(NEWLINE)
(INDENT)
(ID "print")
(PUNCT "(")
(LIT 3)
(PUNCT ")")
(NEWLINE)
(DEDENT)
(ENDMARKER)
