(Module (Expr (IfExp (BoolOp Or (Name a) (Name b)) (Num 10) (Num 30))))
