(Module
 (Expr (Set (Name a)))
 (Expr (Set (Name a)))
 (Expr (Set (Name a) (Name b) (Name c) (Name d)))
 (Expr (Set (Name a) (Name b) (Name c) (Name d)))
 (Expr (Set (Num 1) (Num 2) (Num 3) (Num 4) (Num 5)))
 (Expr
  (SetComp
   (Name x)
   (for
    (Name x)
    in
    (Call
     (func (Name range))
     (args (Num 10))
     (keywords)
     (starargs #f)
     (kwargs #f))
    if))))
