(Module (Nonlocal a) (Nonlocal b c d e f g) (Nonlocal b c))
