(Module
 (ClassDef
  (name _1)
  (bases)
  (keywords)
  (starargs #f)
  (kwargs #f)
  (body (Pass))
  (decorator_list))
 (ClassDef
  (name _2)
  (bases)
  (keywords)
  (starargs #f)
  (kwargs #f)
  (body (Pass))
  (decorator_list))
 (ClassDef
  (name _3)
  (bases (Name First))
  (keywords)
  (starargs #f)
  (kwargs #f)
  (body (Pass))
  (decorator_list))
 (ClassDef
  (name _4)
  (bases (Name First))
  (keywords)
  (starargs #f)
  (kwargs #f)
  (body (Pass))
  (decorator_list))
 (ClassDef
  (name _5)
  (bases (Name First) (Name Second) (Name Third))
  (keywords)
  (starargs #f)
  (kwargs #f)
  (body (Pass))
  (decorator_list))
 (ClassDef
  (name _6)
  (bases (Name First) (Name Second) (Name Third))
  (keywords)
  (starargs #f)
  (kwargs #f)
  (body (Pass))
  (decorator_list))
 (ClassDef
  (name _7)
  (bases (Name First))
  (keywords)
  (starargs (Name Second))
  (kwargs #f)
  (body (Pass))
  (decorator_list))
 (ClassDef
  (name _8)
  (bases (Name First))
  (keywords (Second (Name foo)) (Third (Name bar)))
  (starargs #f)
  (kwargs #f)
  (body (Pass))
  (decorator_list))
 (ClassDef
  (name _9)
  (bases)
  (keywords (First (Name foo)) (Third (Name quux)))
  (starargs (Name Second))
  (kwargs (Name Fourth))
  (body (Pass))
  (decorator_list))
 (ClassDef
  (name _10)
  (bases)
  (keywords)
  (starargs #f)
  (kwargs (Name First))
  (body (Pass))
  (decorator_list))
 (ClassDef
  (name _11)
  (bases)
  (keywords (second (Name foo)) (Third (Name bar)))
  (starargs (Name First))
  (kwargs (Name Fifth))
  (body (Pass))
  (decorator_list))
 (ClassDef
  (name _12)
  (bases)
  (keywords)
  (starargs (Name First))
  (kwargs #f)
  (body (Pass))
  (decorator_list))
 (ClassDef
  (name _13)
  (bases (Name lowercase))
  (keywords)
  (starargs #f)
  (kwargs #f)
  (body (Pass))
  (decorator_list))
 (ClassDef
  (name _14)
  (bases (Name PreFirst))
  (keywords (First (Name foo)) (Third (Name quux)))
  (starargs (Name Second))
  (kwargs (Name Fourth))
  (body (Pass))
  (decorator_list))
 (ClassDef
  (name _15)
  (bases (Name PreFirst))
  (keywords (First (Name foo)) (Third (Name quux)))
  (starargs (Name Second))
  (kwargs (Name Fourth))
  (body
   (Assign (targets (Name a)) (value (Num 1)))
   (Assign (targets (Name b)) (value (Num 2)))
   (Assign (targets (Name c)) (value (Num 3)))
   (Expr (BinOp (BinOp (Name a) Mult (Name b)) Mult (Name c))))
  (decorator_list))
 (ClassDef
  (name _16)
  (bases)
  (keywords)
  (starargs #f)
  (kwargs #f)
  (body (Pass))
  (decorator_list (Name _16d)))
 (ClassDef
  (name _17)
  (bases)
  (keywords)
  (starargs #f)
  (kwargs #f)
  (body (Pass))
  (decorator_list (Attribute (Attribute (Attribute (Name _17d) a) b) c)))
 (ClassDef
  (name _18)
  (bases)
  (keywords)
  (starargs #f)
  (kwargs #f)
  (body (Pass))
  (decorator_list
   (Call
    (func (Name _18d))
    (args (Name First))
    (keywords)
    (starargs #f)
    (kwargs #f))))
 (ClassDef
  (name _19)
  (bases)
  (keywords)
  (starargs #f)
  (kwargs #f)
  (body (Pass))
  (decorator_list
   (Call
    (func (Name _19d))
    (args (Name First))
    (keywords)
    (starargs #f)
    (kwargs #f))))
 (ClassDef
  (name _20)
  (bases)
  (keywords)
  (starargs #f)
  (kwargs #f)
  (body (Pass))
  (decorator_list
   (Call
    (func (Name _20d))
    (args (Name First) (Name Second) (Name Third))
    (keywords)
    (starargs #f)
    (kwargs #f))))
 (ClassDef
  (name _21)
  (bases)
  (keywords)
  (starargs #f)
  (kwargs #f)
  (body (Pass))
  (decorator_list
   (Call
    (func (Name _21d))
    (args (Name PreFirst))
    (keywords (First (Name foo)) (third (Name quux)))
    (starargs (Name second))
    (kwargs (Name fourth)))))
 (ClassDef
  (name _22)
  (bases)
  (keywords)
  (starargs #f)
  (kwargs #f)
  (body (Pass))
  (decorator_list
   (Call
    (func (Attribute (Attribute (Attribute (Name _22d) a) b) c))
    (args (Name PreFirst))
    (keywords (First (Name foo)) (third (Name quux)))
    (starargs (Name second))
    (kwargs (Name fourth)))))
 (ClassDef
  (name _23)
  (bases)
  (keywords)
  (starargs #f)
  (kwargs #f)
  (body (Pass))
  (decorator_list
   (Name _23d1)
   (Call
    (func (Attribute (Attribute (Attribute (Name _23d2) a) b) c))
    (args (Name PreFirst))
    (keywords (First (Name foo)) (third (Name quux)))
    (starargs (Name second))
    (kwargs (Name fourth)))
   (Call
    (func (Name _23_rax))
    (args (Name first))
    (keywords)
    (starargs #f)
    (kwargs #f))))
 (ClassDef
  (name _24)
  (bases (Name PreFirst))
  (keywords (First (Name foo)) (Third (Name quux)))
  (starargs (Name Second))
  (kwargs (Name Fourth))
  (body
   (Assign (targets (Name a)) (value (Num 1)))
   (Assign (targets (Name b)) (value (Num 2)))
   (Assign (targets (Name c)) (value (Num 3)))
   (Expr (BinOp (BinOp (Name a) Mult (Name b)) Mult (Name c))))
  (decorator_list
   (Name _24d1)
   (Call
    (func (Attribute (Attribute (Attribute (Name _24d2) a) b) c))
    (args (Name PreFirst))
    (keywords (First (Name foo)) (third (Name quux)))
    (starargs (Name second))
    (kwargs (Name fourth))))))
