(Module (Global a) (Global a b c) (Global q r sdfa))
