(Module (Raise) (Raise (Name a)) (Raise (Name bar) (Name foo)))
