(ID "forfoo")
(PUNCT "=")
(LIT 1)
(NEWLINE)
(ENDMARKER)
