(ID "ず")
(PUNCT "=")
(LIT 3)
(NEWLINE)
(ENDMARKER)
