(KEYWORD class)
(PUNCT ";")
(NEWLINE)
(ENDMARKER)
