(LIT "\\9")
(NEWLINE)
(LIT "\u00009")
(NEWLINE)
(LIT "\u00009")
(NEWLINE)
(LIT "\u00009")
(NEWLINE)
(LIT "\u000009")
(NEWLINE)
(LIT "\u00019")
(NEWLINE)
(ENDMARKER)
