(KEYWORD def)
(KEYWORD True)
(PUNCT ":")
(NEWLINE)
(INDENT)
(KEYWORD class)
(NEWLINE)
(PUNCT "(")
(PUNCT ")")
(NEWLINE)
(INDENT)
(LIT 1234)
(NEWLINE)
(DEDENT)
(DEDENT)
(ENDMARKER)
