(KEYWORD def)
(ID "f")
(PUNCT "(")
(ID "x")
(PUNCT ")")
(PUNCT ":")
(NEWLINE)
(INDENT)
(KEYWORD if)
(ID "x")
(PUNCT ":")
(NEWLINE)
(INDENT)
(ID "print")
(PUNCT "(")
(LIT "hello world\n")
(PUNCT ")")
(DEDENT)
(DEDENT)
(ENDMARKER)
