(KEYWORD def)
(ID "f")
(PUNCT "(")
(ID "x")
(PUNCT ")")
(PUNCT ":")
(NEWLINE)
(INDENT)
(ID "print")
(PUNCT "(")
(ID "x")
(PUNCT ")")
(NEWLINE)
(DEDENT)
(ID "f")
(PUNCT "(")
(LIT 3)
(PUNCT ")")
(NEWLINE)
(ENDMARKER)
